// Jest Snapshot v1, https://goo.gl/fbAQLP

exports[`<Main/> should render something... 1`] = `
<main>
  <h1>
    Nextjs S2...
  </h1>
</main>
`;
